// Jest Snapshot v1, https://goo.gl/fbAQLP

exports[`example 1`] = `
<div
  className="main"
>
  <div
    className="row"
  >
    <div
      className="col-12"
    >
      <Header />
    </div>
  </div>
  <div
    className="row"
  >
    <div
      className="col-3"
    >
      <LeftContent />
    </div>
    <div
      className="col-7"
    >
      <MiddleContent />
    </div>
    <div
      className="col-2"
    >
      <RightContent />
    </div>
  </div>
  <div
    className="row"
  >
    <div
      className="col-12"
    >
      <Footer />
    </div>
  </div>
</div>
`;
